============================= test session starts ==============================
platform linux -- Python 3.13.3, pytest-8.4.2, pluggy-1.6.0
rootdir: /home/andreas/coding/repos/ha-pp-reader
configfile: pytest.ini
plugins: anyio-4.10.0, asyncio-1.2.0, cov-7.0.0
asyncio: mode=Mode.AUTO, debug=False, asyncio_default_fixture_loop_scope=None, asyncio_default_test_loop_scope=function
collected 1 item

tests/verification/test_ingestion_rebuild.py DEBUG: Starting ingestion mock (synchronous)...
DEBUG: fx_rates count in writer conn: 29
DEBUG: FX ROW: ('2024-01-01', 'USD', 1)
DEBUG: FX ROW: ('2024-01-02', 'USD', 1)
DEBUG: FX ROW: ('2024-01-03', 'USD', 1)
DEBUG: FX ROW: ('2024-01-04', 'USD', 1)
DEBUG: FX ROW: ('2024-01-05', 'USD', 1)
DEBUG: Creating writer...
DEBUG: Writing accounts/portfolios/securities...
DEBUG: Writing transactions...
DEBUG: Transactions written.
DEBUG: Ingestion done. Starting Canonical Sync...
DEBUG: Canonical Sync done. Starting Refresh/Backdating...
DEBUG: Refresh/Backdating done.
F

=================================== FAILURES ===================================
______________________ test_ingestion_rebuild_end_to_end _______________________

tmp_path = PosixPath('/tmp/pytest-of-andreas/pytest-8/test_ingestion_rebuild_end_to_0')
monkeypatch = <_pytest.monkeypatch.MonkeyPatch object at 0x7ffecf95a650>

    @pytest.mark.asyncio
    async def test_ingestion_rebuild_end_to_end(
        tmp_path: Path,
        monkeypatch: pytest.MonkeyPatch,
    ) -> None:
        """
        Verify that a simulated ingestion triggers backdating.
    
        Flow:
        1. Parse Portfolio -> Staging DB
        2. Sync -> Canonical DB (Events, Securities, etc.)
        3. Run Pipeline with backdating=True
        4. Assert daily_wealth has rows for the transaction period.
        """
        db_path = tmp_path / "verification.db"
        initialize_database_schema(db_path)
        loop = asyncio.get_running_loop()
        hass = HelperHass(loop)
    
        # 1. Mock Parse Portfolio
        parsed_client, _ = _build_sample_parsed_client()
    
        # Mock FX to be 1:1 EUR:USD to keep math simple
        install_fx_stubs(monkeypatch, rate=1.0)
    
        # Mock History Queue to say "All done" immediately (we pre-populated via ingestion, sort of)
        # Actually, ingestion populates `historical_prices` staging, canonical sync moves to `securities` table `prices`.
        # But `metrics` pipeline might assume `history_queue` manager does something.
        # In `metrics/securities.py`, it calculates from `securities` table prices.
        # We just need to make sure the pipeline doesn't crash on network calls.
    
        # Mock HistoryQueueManager methods to avoid network activity
        from custom_components.pp_reader.prices.history_queue import HistoryQueueManager
    
        async def _fake_plan(self, *args, **kwargs):
            return 0
    
        async def _fake_process(self, *args, **kwargs):
            return {}
    
        monkeypatch.setattr(
            HistoryQueueManager, "plan_jobs_for_securities_table", _fake_plan
        )
        monkeypatch.setattr(HistoryQueueManager, "process_pending_jobs", _fake_process)
    
        # Mock FX backdating preparation to avoid network calls
        async def _fake_prepare_fx(hass, db_path, until=None, emit_progress=None):
            return {}
    
        # We patch it where it is defined, which backdating/holdings.py imports
        monkeypatch.setattr(
            "custom_components.pp_reader.currencies.fx.async_prepare_exchange_rates_for_backdating",
            _fake_prepare_fx,
        )
    
        # Patch ingestion_writer's reference to ensure_exchange_rates_for_dates_sync
        # just in case it was already imported
        monkeypatch.setattr(
            "custom_components.pp_reader.data.ingestion_writer.ensure_exchange_rates_for_dates_sync",
            lambda *args, **kwargs: None,
        )
    
        # --- POPULATE FX RATES ---
        # Since we mocked the fetchers to do nothing, we must populate the DB manually
        # to ensuring ingestion_writer and metrics can find rates.
        conn = sqlite3.connect(str(db_path))
        conn.execute(
            "CREATE TABLE IF NOT EXISTS fx_rates (date TEXT, currency TEXT, rate REAL, fetched_at TEXT, data_source TEXT, provider TEXT, provenance TEXT, PRIMARY KEY (date, currency))"
        )
    
        # Insert rates for relevant dates
        # Transaction Jan 12. Prices Jan 10-20.
        rate_dates = [date(2024, 1, d) for d in range(1, 30)]
        for d in rate_dates:
            d_str = d.isoformat()
            conn.execute(
                "INSERT OR REPLACE INTO fx_rates (date, currency, rate, fetched_at, data_source) VALUES (?, ?, ?, ?, ?)",
                (d_str, "USD", 1.0, datetime.now(UTC).isoformat(), "test"),
            )
        conn.commit()
        conn.close()
    
        print("DEBUG: Starting ingestion mock (synchronous)...")
        # --- EXECUTE INGESTION (Synchronous to avoid test hangs) ---
        # We manually write to staging as if parser ran.
        # We bypass async_ingestion_session to avoid thread/loop interactions causing hangs.
    
        conn = sqlite3.connect(str(db_path), check_same_thread=False)
        conn.execute("PRAGMA journal_mode=WAL")
    
        # DEBUG: Check if FX rates are visible
        count = conn.execute("SELECT count(*) FROM fx_rates").fetchone()[0]
        print(f"DEBUG: fx_rates count in writer conn: {count}")
        cursor = conn.execute("SELECT date, currency, rate FROM fx_rates LIMIT 5")
        for row in cursor:
            print(f"DEBUG: FX ROW: {row}")
    
        from custom_components.pp_reader.data.ingestion_writer import (
            IngestionWriter,
            clear_ingestion_stage,
            ensure_ingestion_tables,
        )
    
        ensure_ingestion_tables(conn)
        clear_ingestion_stage(conn)
    
        print("DEBUG: Creating writer...")
        writer = IngestionWriter(conn, db_path=db_path)
    
        print("DEBUG: Writing accounts/portfolios/securities...")
        writer.write_accounts(parsed_client.accounts)
        writer.write_portfolios(parsed_client.portfolios)
        writer.write_securities(parsed_client.securities)
    
        print("DEBUG: Writing transactions...")
        writer.write_transactions(parsed_client.transactions)
        print("DEBUG: Transactions written.")
    
        # Helper to unpack units/prices for writer
        tx_units = [(t.uuid, t.units) for t in parsed_client.transactions]
        writer.write_transaction_units(tx_units)
    
        sec_prices = [(s.uuid, s.prices) for s in parsed_client.securities]
        writer.write_historical_prices(sec_prices)
    
        run_id = writer.finalize_ingestion(
            IngestionMetadata(
                file_path="mock.portfolio",
                parsed_at=datetime.now(UTC),
                pp_version=parsed_client.version,
                base_currency=parsed_client.base_currency,
                properties=parsed_client.properties,
                parsed_client=parsed_client,
            )
        )
        conn.commit()
        conn.close()
    
        print("DEBUG: Ingestion done. Starting Canonical Sync...")
    
        # --- SYNC TO CANONICAL ---
        await canonical_sync.async_sync_ingestion_to_canonical(hass, db_path)
        print("DEBUG: Canonical Sync done. Starting Refresh/Backdating...")
    
        # --- TRIGGER REBUILD (The Core Test) ---
        # This mimics what Coordinator._schedule_metrics_refresh(..., backdating=True) does
    
        # We define a "today" that is AFTER the transactions, so backdating has something to compute up to.
        # Transactions end Jan 12. Latest price Jan 20. Let's say today is Jan 25.
        fake_today = date(2024, 1, 25)
    
        result = await async_refresh_all_with_backdating(
            hass,
            db_path,
            trigger="verification_test",
            provenance=run_id,
            backdating_today=fake_today,
        )
        print("DEBUG: Refresh/Backdating done.")
    
        # --- ASSERTIONS ---
    
        assert result.metric_run.status == "completed"
        assert result.backdating is not None
        assert result.backdating.status == "completed"
    
        # Check Daily Wealth
        conn = sqlite3.connect(str(db_path))
        conn.row_factory = sqlite3.Row
        rows = conn.execute("SELECT * FROM daily_wealth ORDER BY date").fetchall()
        conn.close()
    
        assert len(rows) > 0, "No daily_wealth records generated"
    
        # Verify range coverage
        # Deposit was Jan 5. Should have wealth from then (or slightly before depending on logic) up to fake_today.
        dates = [r["date"] for r in rows]
        assert "2024-01-05" in dates
        assert "2024-01-25" in dates
    
        # Verify Wealth Values
        # Jan 6 (After Deposit): Total Wealth should be ~10,000 EUR
        jan_6 = next(r for r in rows if r["date"] == "2024-01-06")
        assert 9999.0 <= jan_6["total_wealth_eur"] <= 10001.0
    
        # Jan 13 (After Buy): Total Wealth should still be ~10k (swapped EUR for USD shares)
        # 10 shares * 100 USD + remaining cash.
        # FX is 1.0. 10 * 100 = 1000. Cash = 9000. Total = 10000.
        # (Prices increase by 100 each day starting Jan 10 -> 100, 200, 300...)
        # Wait, create sample data again:
        # Price Jan 10 = 100.
        # Price Jan 11 = 200.
        # Price Jan 12 = 300.
        # I set: 100 + (day_offset * 100).
        # Jan 10 (i=0): 100.
        # Jan 12 (i=2): 300.
        # So on purchase day (Jan 12), price is 300. But I bought for 1000 total (10 shares).
        # Implied buy price = 100 per share. Market price = 300 per share.
        # Instant profit!
        # Value on Jan 12: 10 shares * 300 = 3000. Cash = 9000. Total = 12000.
    
        jan_12 = next(r for r in rows if r["date"] == "2024-01-12")
        # Just asserting it's > 0 to confirm calculation happened.
>       assert jan_12["total_wealth_eur"] > 10000.0
E       assert 9000.0 > 10000.0

tests/verification/test_ingestion_rebuild.py:351: AssertionError
=============================== warnings summary ===============================
venv-ha/lib/python3.13/site-packages/homeassistant/components/http/__init__.py:319
  /home/andreas/coding/repos/ha-pp-reader/venv-ha/lib/python3.13/site-packages/homeassistant/components/http/__init__.py:319: DeprecationWarning: Inheritance class HomeAssistantApplication from web.Application is discouraged
    class HomeAssistantApplication(web.Application):

-- Docs: https://docs.pytest.org/en/stable/how-to/capture-warnings.html
=========================== short test summary info ============================
FAILED tests/verification/test_ingestion_rebuild.py::test_ingestion_rebuild_end_to_end
========================= 1 failed, 1 warning in 1.27s =========================
